{'id': '4ee8a384-8822-44f8-b3a7-b54de020e187', 'created_at': datetime.datetime(2024, 2, 26, 12, 34, 10, 976245), 'updated_at': datetime.datetime(2024, 2, 26, 12, 34, 10, 976245)}
